{
  "oldPhoneNumber": "+114406612",
  "newPhoneNumber": "+674100299"
}
